// Jest Snapshot v1, https://goo.gl/fbAQLP

exports[`Testing the AuthCard Component AUthCard Snapshot testing 1`] = `
Object {
  "asFragment": [Function],
  "baseElement": <body>
    <div>
      <div
        class="MuiGrid-root MuiGrid-container"
      >
        <div
          class="MuiGrid-root makeStyles-cardGrid-4 MuiGrid-item MuiGrid-grid-md-6 MuiGrid-grid-lg-6"
        >
          <div
            class="MuiPaper-root MuiCard-root makeStyles-card-1 MuiPaper-elevation1 MuiPaper-rounded"
          >
            <div
              class="MuiCardContent-root"
            >
              <div
                class="makeStyles-header-2"
              >
                <div>
                  <h1
                    class="MuiTypography-root MuiTypography-body1"
                  >
                    Sign in
                  </h1>
                  <p
                    class="MuiTypography-root MuiTypography-body1"
                  >
                    Welcome, sign in with either github or google to access the dashboard
                  </p>
                </div>
              </div>
              <div
                class="makeStyles-authform-3"
              />
            </div>
          </div>
        </div>
      </div>
    </div>
  </body>,
  "container": <div>
    <div
      class="MuiGrid-root MuiGrid-container"
    >
      <div
        class="MuiGrid-root makeStyles-cardGrid-4 MuiGrid-item MuiGrid-grid-md-6 MuiGrid-grid-lg-6"
      >
        <div
          class="MuiPaper-root MuiCard-root makeStyles-card-1 MuiPaper-elevation1 MuiPaper-rounded"
        >
          <div
            class="MuiCardContent-root"
          >
            <div
              class="makeStyles-header-2"
            >
              <div>
                <h1
                  class="MuiTypography-root MuiTypography-body1"
                >
                  Sign in
                </h1>
                <p
                  class="MuiTypography-root MuiTypography-body1"
                >
                  Welcome, sign in with either github or google to access the dashboard
                </p>
              </div>
            </div>
            <div
              class="makeStyles-authform-3"
            />
          </div>
        </div>
      </div>
    </div>
  </div>,
  "debug": [Function],
  "findAllByAltText": [Function],
  "findAllByDisplayValue": [Function],
  "findAllByLabelText": [Function],
  "findAllByPlaceholderText": [Function],
  "findAllByRole": [Function],
  "findAllByTestId": [Function],
  "findAllByText": [Function],
  "findAllByTitle": [Function],
  "findByAltText": [Function],
  "findByDisplayValue": [Function],
  "findByLabelText": [Function],
  "findByPlaceholderText": [Function],
  "findByRole": [Function],
  "findByTestId": [Function],
  "findByText": [Function],
  "findByTitle": [Function],
  "getAllByAltText": [Function],
  "getAllByDisplayValue": [Function],
  "getAllByLabelText": [Function],
  "getAllByPlaceholderText": [Function],
  "getAllByRole": [Function],
  "getAllByTestId": [Function],
  "getAllByText": [Function],
  "getAllByTitle": [Function],
  "getByAltText": [Function],
  "getByDisplayValue": [Function],
  "getByLabelText": [Function],
  "getByPlaceholderText": [Function],
  "getByRole": [Function],
  "getByTestId": [Function],
  "getByText": [Function],
  "getByTitle": [Function],
  "queryAllByAltText": [Function],
  "queryAllByDisplayValue": [Function],
  "queryAllByLabelText": [Function],
  "queryAllByPlaceholderText": [Function],
  "queryAllByRole": [Function],
  "queryAllByTestId": [Function],
  "queryAllByText": [Function],
  "queryAllByTitle": [Function],
  "queryByAltText": [Function],
  "queryByDisplayValue": [Function],
  "queryByLabelText": [Function],
  "queryByPlaceholderText": [Function],
  "queryByRole": [Function],
  "queryByTestId": [Function],
  "queryByText": [Function],
  "queryByTitle": [Function],
  "rerender": [Function],
  "unmount": [Function],
}
`;
