// Jest Snapshot v1, https://goo.gl/fbAQLP

exports[`Testing the HeadlineLoader Component HeadlineLoader Snapshot testing 1`] = `
Object {
  "asFragment": [Function],
  "baseElement": <body>
    <div>
      <div
        class="MuiGrid-root makeStyles-headlineLoader-4 MuiGrid-container MuiGrid-spacing-xs-3"
      >
        <div
          class="MuiGrid-root makeStyles-gridHeadline-3 MuiGrid-item MuiGrid-grid-xs-12 MuiGrid-grid-sm-6 MuiGrid-grid-md-4 MuiGrid-grid-lg-4 MuiGrid-grid-xl-2"
        >
          <div
            class="MuiPaper-root MuiCard-root makeStyles-newsLoader-2 MuiPaper-elevation2 MuiPaper-rounded"
          >
            <svg
              aria-labelledby="qpk7crn-aria"
              height="100%"
              role="img"
              viewBox="0 0 500 300"
              width="100%"
            >
              <title
                id="qpk7crn-aria"
              >
                Loading news...
              </title>
              <rect
                clip-path="url(#qpk7crn-diff)"
                height="100%"
                role="presentation"
                style="fill: url(#qpk7crn-animated-diff);"
                width="100%"
                x="0"
                y="0"
              />
              <defs>
                <clippath
                  id="qpk7crn-diff"
                >
                  <rect
                    height="10"
                    rx="3"
                    ry="3"
                    width="25%"
                    x="0%"
                    y="3%"
                  />
                  <rect
                    height="10"
                    rx="3"
                    ry="3"
                    width="25%"
                    x="75%"
                    y="3%"
                  />
                  <rect
                    height="60%"
                    rx="0"
                    ry="0"
                    width="85%"
                    x="8%"
                    y="12%"
                  />
                  <rect
                    height="10%"
                    rx="3"
                    ry="3"
                    width="85%"
                    x="8%"
                    y="78%"
                  />
                  <rect
                    height="10"
                    rx="3"
                    ry="3"
                    width="25%"
                    x="0%"
                    y="93%"
                  />
                  <rect
                    height="10"
                    rx="3"
                    ry="3"
                    width="25%"
                    x="75%"
                    y="93%"
                  />
                </clippath>
                <lineargradient
                  id="qpk7crn-animated-diff"
                >
                  <stop
                    offset="0%"
                    stop-color="#dccbcb"
                    stop-opacity="1"
                  >
                    <animate
                      attributeName="offset"
                      dur="2s"
                      keyTimes="0; 0.25; 1"
                      repeatCount="indefinite"
                      values="-2; -2; 1"
                    />
                  </stop>
                  <stop
                    offset="50%"
                    stop-color="#524747"
                    stop-opacity="1"
                  >
                    <animate
                      attributeName="offset"
                      dur="2s"
                      keyTimes="0; 0.25; 1"
                      repeatCount="indefinite"
                      values="-1; -1; 2"
                    />
                  </stop>
                  <stop
                    offset="100%"
                    stop-color="#dccbcb"
                    stop-opacity="1"
                  >
                    <animate
                      attributeName="offset"
                      dur="2s"
                      keyTimes="0; 0.25; 1"
                      repeatCount="indefinite"
                      values="0; 0; 3"
                    />
                  </stop>
                </lineargradient>
              </defs>
            </svg>
          </div>
        </div>
        <div
          class="MuiGrid-root makeStyles-gridHeadline-3 MuiGrid-item MuiGrid-grid-xs-12 MuiGrid-grid-sm-6 MuiGrid-grid-md-4 MuiGrid-grid-lg-4 MuiGrid-grid-xl-2"
        >
          <div
            class="MuiPaper-root MuiCard-root makeStyles-newsLoader-2 MuiPaper-elevation2 MuiPaper-rounded"
          >
            <svg
              aria-labelledby="hhry1o9-aria"
              height="100%"
              role="img"
              viewBox="0 0 500 300"
              width="100%"
            >
              <title
                id="hhry1o9-aria"
              >
                Loading news...
              </title>
              <rect
                clip-path="url(#hhry1o9-diff)"
                height="100%"
                role="presentation"
                style="fill: url(#hhry1o9-animated-diff);"
                width="100%"
                x="0"
                y="0"
              />
              <defs>
                <clippath
                  id="hhry1o9-diff"
                >
                  <rect
                    height="10"
                    rx="3"
                    ry="3"
                    width="25%"
                    x="0%"
                    y="3%"
                  />
                  <rect
                    height="10"
                    rx="3"
                    ry="3"
                    width="25%"
                    x="75%"
                    y="3%"
                  />
                  <rect
                    height="60%"
                    rx="0"
                    ry="0"
                    width="85%"
                    x="8%"
                    y="12%"
                  />
                  <rect
                    height="10%"
                    rx="3"
                    ry="3"
                    width="85%"
                    x="8%"
                    y="78%"
                  />
                  <rect
                    height="10"
                    rx="3"
                    ry="3"
                    width="25%"
                    x="0%"
                    y="93%"
                  />
                  <rect
                    height="10"
                    rx="3"
                    ry="3"
                    width="25%"
                    x="75%"
                    y="93%"
                  />
                </clippath>
                <lineargradient
                  id="hhry1o9-animated-diff"
                >
                  <stop
                    offset="0%"
                    stop-color="#dccbcb"
                    stop-opacity="1"
                  >
                    <animate
                      attributeName="offset"
                      dur="2s"
                      keyTimes="0; 0.25; 1"
                      repeatCount="indefinite"
                      values="-2; -2; 1"
                    />
                  </stop>
                  <stop
                    offset="50%"
                    stop-color="#524747"
                    stop-opacity="1"
                  >
                    <animate
                      attributeName="offset"
                      dur="2s"
                      keyTimes="0; 0.25; 1"
                      repeatCount="indefinite"
                      values="-1; -1; 2"
                    />
                  </stop>
                  <stop
                    offset="100%"
                    stop-color="#dccbcb"
                    stop-opacity="1"
                  >
                    <animate
                      attributeName="offset"
                      dur="2s"
                      keyTimes="0; 0.25; 1"
                      repeatCount="indefinite"
                      values="0; 0; 3"
                    />
                  </stop>
                </lineargradient>
              </defs>
            </svg>
          </div>
        </div>
        <div
          class="MuiGrid-root makeStyles-gridHeadline-3 MuiGrid-item MuiGrid-grid-xs-12 MuiGrid-grid-sm-6 MuiGrid-grid-md-4 MuiGrid-grid-lg-4 MuiGrid-grid-xl-2"
        >
          <div
            class="MuiPaper-root MuiCard-root makeStyles-newsLoader-2 MuiPaper-elevation2 MuiPaper-rounded"
          >
            <svg
              aria-labelledby="0rlykw-aria"
              height="100%"
              role="img"
              viewBox="0 0 500 300"
              width="100%"
            >
              <title
                id="0rlykw-aria"
              >
                Loading news...
              </title>
              <rect
                clip-path="url(#0rlykw-diff)"
                height="100%"
                role="presentation"
                style="fill: url(#0rlykw-animated-diff);"
                width="100%"
                x="0"
                y="0"
              />
              <defs>
                <clippath
                  id="0rlykw-diff"
                >
                  <rect
                    height="10"
                    rx="3"
                    ry="3"
                    width="25%"
                    x="0%"
                    y="3%"
                  />
                  <rect
                    height="10"
                    rx="3"
                    ry="3"
                    width="25%"
                    x="75%"
                    y="3%"
                  />
                  <rect
                    height="60%"
                    rx="0"
                    ry="0"
                    width="85%"
                    x="8%"
                    y="12%"
                  />
                  <rect
                    height="10%"
                    rx="3"
                    ry="3"
                    width="85%"
                    x="8%"
                    y="78%"
                  />
                  <rect
                    height="10"
                    rx="3"
                    ry="3"
                    width="25%"
                    x="0%"
                    y="93%"
                  />
                  <rect
                    height="10"
                    rx="3"
                    ry="3"
                    width="25%"
                    x="75%"
                    y="93%"
                  />
                </clippath>
                <lineargradient
                  id="0rlykw-animated-diff"
                >
                  <stop
                    offset="0%"
                    stop-color="#dccbcb"
                    stop-opacity="1"
                  >
                    <animate
                      attributeName="offset"
                      dur="2s"
                      keyTimes="0; 0.25; 1"
                      repeatCount="indefinite"
                      values="-2; -2; 1"
                    />
                  </stop>
                  <stop
                    offset="50%"
                    stop-color="#524747"
                    stop-opacity="1"
                  >
                    <animate
                      attributeName="offset"
                      dur="2s"
                      keyTimes="0; 0.25; 1"
                      repeatCount="indefinite"
                      values="-1; -1; 2"
                    />
                  </stop>
                  <stop
                    offset="100%"
                    stop-color="#dccbcb"
                    stop-opacity="1"
                  >
                    <animate
                      attributeName="offset"
                      dur="2s"
                      keyTimes="0; 0.25; 1"
                      repeatCount="indefinite"
                      values="0; 0; 3"
                    />
                  </stop>
                </lineargradient>
              </defs>
            </svg>
          </div>
        </div>
        <div
          class="MuiGrid-root makeStyles-gridHeadline-3 MuiGrid-item MuiGrid-grid-xs-12 MuiGrid-grid-sm-6 MuiGrid-grid-md-4 MuiGrid-grid-lg-4 MuiGrid-grid-xl-2"
        >
          <div
            class="MuiPaper-root MuiCard-root makeStyles-newsLoader-2 MuiPaper-elevation2 MuiPaper-rounded"
          >
            <svg
              aria-labelledby="qnbm4kq-aria"
              height="100%"
              role="img"
              viewBox="0 0 500 300"
              width="100%"
            >
              <title
                id="qnbm4kq-aria"
              >
                Loading news...
              </title>
              <rect
                clip-path="url(#qnbm4kq-diff)"
                height="100%"
                role="presentation"
                style="fill: url(#qnbm4kq-animated-diff);"
                width="100%"
                x="0"
                y="0"
              />
              <defs>
                <clippath
                  id="qnbm4kq-diff"
                >
                  <rect
                    height="10"
                    rx="3"
                    ry="3"
                    width="25%"
                    x="0%"
                    y="3%"
                  />
                  <rect
                    height="10"
                    rx="3"
                    ry="3"
                    width="25%"
                    x="75%"
                    y="3%"
                  />
                  <rect
                    height="60%"
                    rx="0"
                    ry="0"
                    width="85%"
                    x="8%"
                    y="12%"
                  />
                  <rect
                    height="10%"
                    rx="3"
                    ry="3"
                    width="85%"
                    x="8%"
                    y="78%"
                  />
                  <rect
                    height="10"
                    rx="3"
                    ry="3"
                    width="25%"
                    x="0%"
                    y="93%"
                  />
                  <rect
                    height="10"
                    rx="3"
                    ry="3"
                    width="25%"
                    x="75%"
                    y="93%"
                  />
                </clippath>
                <lineargradient
                  id="qnbm4kq-animated-diff"
                >
                  <stop
                    offset="0%"
                    stop-color="#dccbcb"
                    stop-opacity="1"
                  >
                    <animate
                      attributeName="offset"
                      dur="2s"
                      keyTimes="0; 0.25; 1"
                      repeatCount="indefinite"
                      values="-2; -2; 1"
                    />
                  </stop>
                  <stop
                    offset="50%"
                    stop-color="#524747"
                    stop-opacity="1"
                  >
                    <animate
                      attributeName="offset"
                      dur="2s"
                      keyTimes="0; 0.25; 1"
                      repeatCount="indefinite"
                      values="-1; -1; 2"
                    />
                  </stop>
                  <stop
                    offset="100%"
                    stop-color="#dccbcb"
                    stop-opacity="1"
                  >
                    <animate
                      attributeName="offset"
                      dur="2s"
                      keyTimes="0; 0.25; 1"
                      repeatCount="indefinite"
                      values="0; 0; 3"
                    />
                  </stop>
                </lineargradient>
              </defs>
            </svg>
          </div>
        </div>
        <div
          class="MuiGrid-root makeStyles-gridHeadline-3 MuiGrid-item MuiGrid-grid-xs-12 MuiGrid-grid-sm-6 MuiGrid-grid-md-4 MuiGrid-grid-lg-4 MuiGrid-grid-xl-2"
        >
          <div
            class="MuiPaper-root MuiCard-root makeStyles-newsLoader-2 MuiPaper-elevation2 MuiPaper-rounded"
          >
            <svg
              aria-labelledby="m9oq4tg-aria"
              height="100%"
              role="img"
              viewBox="0 0 500 300"
              width="100%"
            >
              <title
                id="m9oq4tg-aria"
              >
                Loading news...
              </title>
              <rect
                clip-path="url(#m9oq4tg-diff)"
                height="100%"
                role="presentation"
                style="fill: url(#m9oq4tg-animated-diff);"
                width="100%"
                x="0"
                y="0"
              />
              <defs>
                <clippath
                  id="m9oq4tg-diff"
                >
                  <rect
                    height="10"
                    rx="3"
                    ry="3"
                    width="25%"
                    x="0%"
                    y="3%"
                  />
                  <rect
                    height="10"
                    rx="3"
                    ry="3"
                    width="25%"
                    x="75%"
                    y="3%"
                  />
                  <rect
                    height="60%"
                    rx="0"
                    ry="0"
                    width="85%"
                    x="8%"
                    y="12%"
                  />
                  <rect
                    height="10%"
                    rx="3"
                    ry="3"
                    width="85%"
                    x="8%"
                    y="78%"
                  />
                  <rect
                    height="10"
                    rx="3"
                    ry="3"
                    width="25%"
                    x="0%"
                    y="93%"
                  />
                  <rect
                    height="10"
                    rx="3"
                    ry="3"
                    width="25%"
                    x="75%"
                    y="93%"
                  />
                </clippath>
                <lineargradient
                  id="m9oq4tg-animated-diff"
                >
                  <stop
                    offset="0%"
                    stop-color="#dccbcb"
                    stop-opacity="1"
                  >
                    <animate
                      attributeName="offset"
                      dur="2s"
                      keyTimes="0; 0.25; 1"
                      repeatCount="indefinite"
                      values="-2; -2; 1"
                    />
                  </stop>
                  <stop
                    offset="50%"
                    stop-color="#524747"
                    stop-opacity="1"
                  >
                    <animate
                      attributeName="offset"
                      dur="2s"
                      keyTimes="0; 0.25; 1"
                      repeatCount="indefinite"
                      values="-1; -1; 2"
                    />
                  </stop>
                  <stop
                    offset="100%"
                    stop-color="#dccbcb"
                    stop-opacity="1"
                  >
                    <animate
                      attributeName="offset"
                      dur="2s"
                      keyTimes="0; 0.25; 1"
                      repeatCount="indefinite"
                      values="0; 0; 3"
                    />
                  </stop>
                </lineargradient>
              </defs>
            </svg>
          </div>
        </div>
        <div
          class="MuiGrid-root makeStyles-gridHeadline-3 MuiGrid-item MuiGrid-grid-xs-12 MuiGrid-grid-sm-6 MuiGrid-grid-md-4 MuiGrid-grid-lg-4 MuiGrid-grid-xl-2"
        >
          <div
            class="MuiPaper-root MuiCard-root makeStyles-newsLoader-2 MuiPaper-elevation2 MuiPaper-rounded"
          >
            <svg
              aria-labelledby="bn381v-aria"
              height="100%"
              role="img"
              viewBox="0 0 500 300"
              width="100%"
            >
              <title
                id="bn381v-aria"
              >
                Loading news...
              </title>
              <rect
                clip-path="url(#bn381v-diff)"
                height="100%"
                role="presentation"
                style="fill: url(#bn381v-animated-diff);"
                width="100%"
                x="0"
                y="0"
              />
              <defs>
                <clippath
                  id="bn381v-diff"
                >
                  <rect
                    height="10"
                    rx="3"
                    ry="3"
                    width="25%"
                    x="0%"
                    y="3%"
                  />
                  <rect
                    height="10"
                    rx="3"
                    ry="3"
                    width="25%"
                    x="75%"
                    y="3%"
                  />
                  <rect
                    height="60%"
                    rx="0"
                    ry="0"
                    width="85%"
                    x="8%"
                    y="12%"
                  />
                  <rect
                    height="10%"
                    rx="3"
                    ry="3"
                    width="85%"
                    x="8%"
                    y="78%"
                  />
                  <rect
                    height="10"
                    rx="3"
                    ry="3"
                    width="25%"
                    x="0%"
                    y="93%"
                  />
                  <rect
                    height="10"
                    rx="3"
                    ry="3"
                    width="25%"
                    x="75%"
                    y="93%"
                  />
                </clippath>
                <lineargradient
                  id="bn381v-animated-diff"
                >
                  <stop
                    offset="0%"
                    stop-color="#dccbcb"
                    stop-opacity="1"
                  >
                    <animate
                      attributeName="offset"
                      dur="2s"
                      keyTimes="0; 0.25; 1"
                      repeatCount="indefinite"
                      values="-2; -2; 1"
                    />
                  </stop>
                  <stop
                    offset="50%"
                    stop-color="#524747"
                    stop-opacity="1"
                  >
                    <animate
                      attributeName="offset"
                      dur="2s"
                      keyTimes="0; 0.25; 1"
                      repeatCount="indefinite"
                      values="-1; -1; 2"
                    />
                  </stop>
                  <stop
                    offset="100%"
                    stop-color="#dccbcb"
                    stop-opacity="1"
                  >
                    <animate
                      attributeName="offset"
                      dur="2s"
                      keyTimes="0; 0.25; 1"
                      repeatCount="indefinite"
                      values="0; 0; 3"
                    />
                  </stop>
                </lineargradient>
              </defs>
            </svg>
          </div>
        </div>
      </div>
    </div>
  </body>,
  "container": <div>
    <div
      class="MuiGrid-root makeStyles-headlineLoader-4 MuiGrid-container MuiGrid-spacing-xs-3"
    >
      <div
        class="MuiGrid-root makeStyles-gridHeadline-3 MuiGrid-item MuiGrid-grid-xs-12 MuiGrid-grid-sm-6 MuiGrid-grid-md-4 MuiGrid-grid-lg-4 MuiGrid-grid-xl-2"
      >
        <div
          class="MuiPaper-root MuiCard-root makeStyles-newsLoader-2 MuiPaper-elevation2 MuiPaper-rounded"
        >
          <svg
            aria-labelledby="qpk7crn-aria"
            height="100%"
            role="img"
            viewBox="0 0 500 300"
            width="100%"
          >
            <title
              id="qpk7crn-aria"
            >
              Loading news...
            </title>
            <rect
              clip-path="url(#qpk7crn-diff)"
              height="100%"
              role="presentation"
              style="fill: url(#qpk7crn-animated-diff);"
              width="100%"
              x="0"
              y="0"
            />
            <defs>
              <clippath
                id="qpk7crn-diff"
              >
                <rect
                  height="10"
                  rx="3"
                  ry="3"
                  width="25%"
                  x="0%"
                  y="3%"
                />
                <rect
                  height="10"
                  rx="3"
                  ry="3"
                  width="25%"
                  x="75%"
                  y="3%"
                />
                <rect
                  height="60%"
                  rx="0"
                  ry="0"
                  width="85%"
                  x="8%"
                  y="12%"
                />
                <rect
                  height="10%"
                  rx="3"
                  ry="3"
                  width="85%"
                  x="8%"
                  y="78%"
                />
                <rect
                  height="10"
                  rx="3"
                  ry="3"
                  width="25%"
                  x="0%"
                  y="93%"
                />
                <rect
                  height="10"
                  rx="3"
                  ry="3"
                  width="25%"
                  x="75%"
                  y="93%"
                />
              </clippath>
              <lineargradient
                id="qpk7crn-animated-diff"
              >
                <stop
                  offset="0%"
                  stop-color="#dccbcb"
                  stop-opacity="1"
                >
                  <animate
                    attributeName="offset"
                    dur="2s"
                    keyTimes="0; 0.25; 1"
                    repeatCount="indefinite"
                    values="-2; -2; 1"
                  />
                </stop>
                <stop
                  offset="50%"
                  stop-color="#524747"
                  stop-opacity="1"
                >
                  <animate
                    attributeName="offset"
                    dur="2s"
                    keyTimes="0; 0.25; 1"
                    repeatCount="indefinite"
                    values="-1; -1; 2"
                  />
                </stop>
                <stop
                  offset="100%"
                  stop-color="#dccbcb"
                  stop-opacity="1"
                >
                  <animate
                    attributeName="offset"
                    dur="2s"
                    keyTimes="0; 0.25; 1"
                    repeatCount="indefinite"
                    values="0; 0; 3"
                  />
                </stop>
              </lineargradient>
            </defs>
          </svg>
        </div>
      </div>
      <div
        class="MuiGrid-root makeStyles-gridHeadline-3 MuiGrid-item MuiGrid-grid-xs-12 MuiGrid-grid-sm-6 MuiGrid-grid-md-4 MuiGrid-grid-lg-4 MuiGrid-grid-xl-2"
      >
        <div
          class="MuiPaper-root MuiCard-root makeStyles-newsLoader-2 MuiPaper-elevation2 MuiPaper-rounded"
        >
          <svg
            aria-labelledby="hhry1o9-aria"
            height="100%"
            role="img"
            viewBox="0 0 500 300"
            width="100%"
          >
            <title
              id="hhry1o9-aria"
            >
              Loading news...
            </title>
            <rect
              clip-path="url(#hhry1o9-diff)"
              height="100%"
              role="presentation"
              style="fill: url(#hhry1o9-animated-diff);"
              width="100%"
              x="0"
              y="0"
            />
            <defs>
              <clippath
                id="hhry1o9-diff"
              >
                <rect
                  height="10"
                  rx="3"
                  ry="3"
                  width="25%"
                  x="0%"
                  y="3%"
                />
                <rect
                  height="10"
                  rx="3"
                  ry="3"
                  width="25%"
                  x="75%"
                  y="3%"
                />
                <rect
                  height="60%"
                  rx="0"
                  ry="0"
                  width="85%"
                  x="8%"
                  y="12%"
                />
                <rect
                  height="10%"
                  rx="3"
                  ry="3"
                  width="85%"
                  x="8%"
                  y="78%"
                />
                <rect
                  height="10"
                  rx="3"
                  ry="3"
                  width="25%"
                  x="0%"
                  y="93%"
                />
                <rect
                  height="10"
                  rx="3"
                  ry="3"
                  width="25%"
                  x="75%"
                  y="93%"
                />
              </clippath>
              <lineargradient
                id="hhry1o9-animated-diff"
              >
                <stop
                  offset="0%"
                  stop-color="#dccbcb"
                  stop-opacity="1"
                >
                  <animate
                    attributeName="offset"
                    dur="2s"
                    keyTimes="0; 0.25; 1"
                    repeatCount="indefinite"
                    values="-2; -2; 1"
                  />
                </stop>
                <stop
                  offset="50%"
                  stop-color="#524747"
                  stop-opacity="1"
                >
                  <animate
                    attributeName="offset"
                    dur="2s"
                    keyTimes="0; 0.25; 1"
                    repeatCount="indefinite"
                    values="-1; -1; 2"
                  />
                </stop>
                <stop
                  offset="100%"
                  stop-color="#dccbcb"
                  stop-opacity="1"
                >
                  <animate
                    attributeName="offset"
                    dur="2s"
                    keyTimes="0; 0.25; 1"
                    repeatCount="indefinite"
                    values="0; 0; 3"
                  />
                </stop>
              </lineargradient>
            </defs>
          </svg>
        </div>
      </div>
      <div
        class="MuiGrid-root makeStyles-gridHeadline-3 MuiGrid-item MuiGrid-grid-xs-12 MuiGrid-grid-sm-6 MuiGrid-grid-md-4 MuiGrid-grid-lg-4 MuiGrid-grid-xl-2"
      >
        <div
          class="MuiPaper-root MuiCard-root makeStyles-newsLoader-2 MuiPaper-elevation2 MuiPaper-rounded"
        >
          <svg
            aria-labelledby="0rlykw-aria"
            height="100%"
            role="img"
            viewBox="0 0 500 300"
            width="100%"
          >
            <title
              id="0rlykw-aria"
            >
              Loading news...
            </title>
            <rect
              clip-path="url(#0rlykw-diff)"
              height="100%"
              role="presentation"
              style="fill: url(#0rlykw-animated-diff);"
              width="100%"
              x="0"
              y="0"
            />
            <defs>
              <clippath
                id="0rlykw-diff"
              >
                <rect
                  height="10"
                  rx="3"
                  ry="3"
                  width="25%"
                  x="0%"
                  y="3%"
                />
                <rect
                  height="10"
                  rx="3"
                  ry="3"
                  width="25%"
                  x="75%"
                  y="3%"
                />
                <rect
                  height="60%"
                  rx="0"
                  ry="0"
                  width="85%"
                  x="8%"
                  y="12%"
                />
                <rect
                  height="10%"
                  rx="3"
                  ry="3"
                  width="85%"
                  x="8%"
                  y="78%"
                />
                <rect
                  height="10"
                  rx="3"
                  ry="3"
                  width="25%"
                  x="0%"
                  y="93%"
                />
                <rect
                  height="10"
                  rx="3"
                  ry="3"
                  width="25%"
                  x="75%"
                  y="93%"
                />
              </clippath>
              <lineargradient
                id="0rlykw-animated-diff"
              >
                <stop
                  offset="0%"
                  stop-color="#dccbcb"
                  stop-opacity="1"
                >
                  <animate
                    attributeName="offset"
                    dur="2s"
                    keyTimes="0; 0.25; 1"
                    repeatCount="indefinite"
                    values="-2; -2; 1"
                  />
                </stop>
                <stop
                  offset="50%"
                  stop-color="#524747"
                  stop-opacity="1"
                >
                  <animate
                    attributeName="offset"
                    dur="2s"
                    keyTimes="0; 0.25; 1"
                    repeatCount="indefinite"
                    values="-1; -1; 2"
                  />
                </stop>
                <stop
                  offset="100%"
                  stop-color="#dccbcb"
                  stop-opacity="1"
                >
                  <animate
                    attributeName="offset"
                    dur="2s"
                    keyTimes="0; 0.25; 1"
                    repeatCount="indefinite"
                    values="0; 0; 3"
                  />
                </stop>
              </lineargradient>
            </defs>
          </svg>
        </div>
      </div>
      <div
        class="MuiGrid-root makeStyles-gridHeadline-3 MuiGrid-item MuiGrid-grid-xs-12 MuiGrid-grid-sm-6 MuiGrid-grid-md-4 MuiGrid-grid-lg-4 MuiGrid-grid-xl-2"
      >
        <div
          class="MuiPaper-root MuiCard-root makeStyles-newsLoader-2 MuiPaper-elevation2 MuiPaper-rounded"
        >
          <svg
            aria-labelledby="qnbm4kq-aria"
            height="100%"
            role="img"
            viewBox="0 0 500 300"
            width="100%"
          >
            <title
              id="qnbm4kq-aria"
            >
              Loading news...
            </title>
            <rect
              clip-path="url(#qnbm4kq-diff)"
              height="100%"
              role="presentation"
              style="fill: url(#qnbm4kq-animated-diff);"
              width="100%"
              x="0"
              y="0"
            />
            <defs>
              <clippath
                id="qnbm4kq-diff"
              >
                <rect
                  height="10"
                  rx="3"
                  ry="3"
                  width="25%"
                  x="0%"
                  y="3%"
                />
                <rect
                  height="10"
                  rx="3"
                  ry="3"
                  width="25%"
                  x="75%"
                  y="3%"
                />
                <rect
                  height="60%"
                  rx="0"
                  ry="0"
                  width="85%"
                  x="8%"
                  y="12%"
                />
                <rect
                  height="10%"
                  rx="3"
                  ry="3"
                  width="85%"
                  x="8%"
                  y="78%"
                />
                <rect
                  height="10"
                  rx="3"
                  ry="3"
                  width="25%"
                  x="0%"
                  y="93%"
                />
                <rect
                  height="10"
                  rx="3"
                  ry="3"
                  width="25%"
                  x="75%"
                  y="93%"
                />
              </clippath>
              <lineargradient
                id="qnbm4kq-animated-diff"
              >
                <stop
                  offset="0%"
                  stop-color="#dccbcb"
                  stop-opacity="1"
                >
                  <animate
                    attributeName="offset"
                    dur="2s"
                    keyTimes="0; 0.25; 1"
                    repeatCount="indefinite"
                    values="-2; -2; 1"
                  />
                </stop>
                <stop
                  offset="50%"
                  stop-color="#524747"
                  stop-opacity="1"
                >
                  <animate
                    attributeName="offset"
                    dur="2s"
                    keyTimes="0; 0.25; 1"
                    repeatCount="indefinite"
                    values="-1; -1; 2"
                  />
                </stop>
                <stop
                  offset="100%"
                  stop-color="#dccbcb"
                  stop-opacity="1"
                >
                  <animate
                    attributeName="offset"
                    dur="2s"
                    keyTimes="0; 0.25; 1"
                    repeatCount="indefinite"
                    values="0; 0; 3"
                  />
                </stop>
              </lineargradient>
            </defs>
          </svg>
        </div>
      </div>
      <div
        class="MuiGrid-root makeStyles-gridHeadline-3 MuiGrid-item MuiGrid-grid-xs-12 MuiGrid-grid-sm-6 MuiGrid-grid-md-4 MuiGrid-grid-lg-4 MuiGrid-grid-xl-2"
      >
        <div
          class="MuiPaper-root MuiCard-root makeStyles-newsLoader-2 MuiPaper-elevation2 MuiPaper-rounded"
        >
          <svg
            aria-labelledby="m9oq4tg-aria"
            height="100%"
            role="img"
            viewBox="0 0 500 300"
            width="100%"
          >
            <title
              id="m9oq4tg-aria"
            >
              Loading news...
            </title>
            <rect
              clip-path="url(#m9oq4tg-diff)"
              height="100%"
              role="presentation"
              style="fill: url(#m9oq4tg-animated-diff);"
              width="100%"
              x="0"
              y="0"
            />
            <defs>
              <clippath
                id="m9oq4tg-diff"
              >
                <rect
                  height="10"
                  rx="3"
                  ry="3"
                  width="25%"
                  x="0%"
                  y="3%"
                />
                <rect
                  height="10"
                  rx="3"
                  ry="3"
                  width="25%"
                  x="75%"
                  y="3%"
                />
                <rect
                  height="60%"
                  rx="0"
                  ry="0"
                  width="85%"
                  x="8%"
                  y="12%"
                />
                <rect
                  height="10%"
                  rx="3"
                  ry="3"
                  width="85%"
                  x="8%"
                  y="78%"
                />
                <rect
                  height="10"
                  rx="3"
                  ry="3"
                  width="25%"
                  x="0%"
                  y="93%"
                />
                <rect
                  height="10"
                  rx="3"
                  ry="3"
                  width="25%"
                  x="75%"
                  y="93%"
                />
              </clippath>
              <lineargradient
                id="m9oq4tg-animated-diff"
              >
                <stop
                  offset="0%"
                  stop-color="#dccbcb"
                  stop-opacity="1"
                >
                  <animate
                    attributeName="offset"
                    dur="2s"
                    keyTimes="0; 0.25; 1"
                    repeatCount="indefinite"
                    values="-2; -2; 1"
                  />
                </stop>
                <stop
                  offset="50%"
                  stop-color="#524747"
                  stop-opacity="1"
                >
                  <animate
                    attributeName="offset"
                    dur="2s"
                    keyTimes="0; 0.25; 1"
                    repeatCount="indefinite"
                    values="-1; -1; 2"
                  />
                </stop>
                <stop
                  offset="100%"
                  stop-color="#dccbcb"
                  stop-opacity="1"
                >
                  <animate
                    attributeName="offset"
                    dur="2s"
                    keyTimes="0; 0.25; 1"
                    repeatCount="indefinite"
                    values="0; 0; 3"
                  />
                </stop>
              </lineargradient>
            </defs>
          </svg>
        </div>
      </div>
      <div
        class="MuiGrid-root makeStyles-gridHeadline-3 MuiGrid-item MuiGrid-grid-xs-12 MuiGrid-grid-sm-6 MuiGrid-grid-md-4 MuiGrid-grid-lg-4 MuiGrid-grid-xl-2"
      >
        <div
          class="MuiPaper-root MuiCard-root makeStyles-newsLoader-2 MuiPaper-elevation2 MuiPaper-rounded"
        >
          <svg
            aria-labelledby="bn381v-aria"
            height="100%"
            role="img"
            viewBox="0 0 500 300"
            width="100%"
          >
            <title
              id="bn381v-aria"
            >
              Loading news...
            </title>
            <rect
              clip-path="url(#bn381v-diff)"
              height="100%"
              role="presentation"
              style="fill: url(#bn381v-animated-diff);"
              width="100%"
              x="0"
              y="0"
            />
            <defs>
              <clippath
                id="bn381v-diff"
              >
                <rect
                  height="10"
                  rx="3"
                  ry="3"
                  width="25%"
                  x="0%"
                  y="3%"
                />
                <rect
                  height="10"
                  rx="3"
                  ry="3"
                  width="25%"
                  x="75%"
                  y="3%"
                />
                <rect
                  height="60%"
                  rx="0"
                  ry="0"
                  width="85%"
                  x="8%"
                  y="12%"
                />
                <rect
                  height="10%"
                  rx="3"
                  ry="3"
                  width="85%"
                  x="8%"
                  y="78%"
                />
                <rect
                  height="10"
                  rx="3"
                  ry="3"
                  width="25%"
                  x="0%"
                  y="93%"
                />
                <rect
                  height="10"
                  rx="3"
                  ry="3"
                  width="25%"
                  x="75%"
                  y="93%"
                />
              </clippath>
              <lineargradient
                id="bn381v-animated-diff"
              >
                <stop
                  offset="0%"
                  stop-color="#dccbcb"
                  stop-opacity="1"
                >
                  <animate
                    attributeName="offset"
                    dur="2s"
                    keyTimes="0; 0.25; 1"
                    repeatCount="indefinite"
                    values="-2; -2; 1"
                  />
                </stop>
                <stop
                  offset="50%"
                  stop-color="#524747"
                  stop-opacity="1"
                >
                  <animate
                    attributeName="offset"
                    dur="2s"
                    keyTimes="0; 0.25; 1"
                    repeatCount="indefinite"
                    values="-1; -1; 2"
                  />
                </stop>
                <stop
                  offset="100%"
                  stop-color="#dccbcb"
                  stop-opacity="1"
                >
                  <animate
                    attributeName="offset"
                    dur="2s"
                    keyTimes="0; 0.25; 1"
                    repeatCount="indefinite"
                    values="0; 0; 3"
                  />
                </stop>
              </lineargradient>
            </defs>
          </svg>
        </div>
      </div>
    </div>
  </div>,
  "debug": [Function],
  "findAllByAltText": [Function],
  "findAllByDisplayValue": [Function],
  "findAllByLabelText": [Function],
  "findAllByPlaceholderText": [Function],
  "findAllByRole": [Function],
  "findAllByTestId": [Function],
  "findAllByText": [Function],
  "findAllByTitle": [Function],
  "findByAltText": [Function],
  "findByDisplayValue": [Function],
  "findByLabelText": [Function],
  "findByPlaceholderText": [Function],
  "findByRole": [Function],
  "findByTestId": [Function],
  "findByText": [Function],
  "findByTitle": [Function],
  "getAllByAltText": [Function],
  "getAllByDisplayValue": [Function],
  "getAllByLabelText": [Function],
  "getAllByPlaceholderText": [Function],
  "getAllByRole": [Function],
  "getAllByTestId": [Function],
  "getAllByText": [Function],
  "getAllByTitle": [Function],
  "getByAltText": [Function],
  "getByDisplayValue": [Function],
  "getByLabelText": [Function],
  "getByPlaceholderText": [Function],
  "getByRole": [Function],
  "getByTestId": [Function],
  "getByText": [Function],
  "getByTitle": [Function],
  "queryAllByAltText": [Function],
  "queryAllByDisplayValue": [Function],
  "queryAllByLabelText": [Function],
  "queryAllByPlaceholderText": [Function],
  "queryAllByRole": [Function],
  "queryAllByTestId": [Function],
  "queryAllByText": [Function],
  "queryAllByTitle": [Function],
  "queryByAltText": [Function],
  "queryByDisplayValue": [Function],
  "queryByLabelText": [Function],
  "queryByPlaceholderText": [Function],
  "queryByRole": [Function],
  "queryByTestId": [Function],
  "queryByText": [Function],
  "queryByTitle": [Function],
  "rerender": [Function],
  "unmount": [Function],
}
`;
